[kit2.wirastudio.co/perdo/template-kit/home/index.html]
[backblue.gif]
[fade.gif]
[index.html]
[kit2.wirastudio.co/perdo/wp-content/plugins/elementor/assets/css/frontend.min52dd.css]
[kit2.wirastudio.co/perdo/wp-content/uploads/sites/3/elementor/css/post-4607f6c.css]
[kit2.wirastudio.co/perdo/wp-content/uploads/sites/3/elementor/css/post-4647f6c.css]
[kit2.wirastudio.co/perdo/wp-content/plugins/template-kit-export/assets/public/template-kit-export-public982a.css]
[kit2.wirastudio.co/perdo/wp-content/plugins/metform/public/assets/lib/cute-alert/style9086.css]
[kit2.wirastudio.co/perdo/wp-content/plugins/metform/public/assets/css/text-editor9086.css]
[kit2.wirastudio.co/perdo/wp-content/themes/hello-elementor/style.minb12b.css]
[kit2.wirastudio.co/perdo/wp-content/themes/hello-elementor/theme.minb12b.css]
[kit2.wirastudio.co/perdo/wp-content/themes/hello-elementor/header-footer.minb12b.css]
[kit2.wirastudio.co/perdo/wp-content/uploads/sites/3/elementor/css/post-237f6c.css]
[kit2.wirastudio.co/perdo/wp-content/plugins/elementskit-lite/modules/elementskit-icon-pack/assets/css/ekiticons9b70.css]
[kit2.wirastudio.co/perdo/wp-content/plugins/elementor/assets/lib/swiper/v8/css/swiper.min94a4.css]
[kit2.wirastudio.co/perdo/wp-content/plugins/elementor/assets/css/conditionals/e-swiper.min52dd.css]
[kit2.wirastudio.co/perdo/wp-content/plugins/elementor/assets/css/widget-heading.min52dd.css]
[kit2.wirastudio.co/perdo/wp-content/plugins/elementor/assets/css/widget-text-editor.min52dd.css]
[kit2.wirastudio.co/perdo/wp-content/plugins/elementor/assets/lib/animations/styles/e-animation-float.min52dd.css]
[kit2.wirastudio.co/perdo/wp-content/plugins/elementor/assets/css/widget-icon-box.min52dd.css]
[kit2.wirastudio.co/perdo/wp-content/plugins/elementor/assets/css/widget-image.min52dd.css]
[kit2.wirastudio.co/perdo/wp-content/plugins/elementor/assets/css/widget-divider.min52dd.css]
[kit2.wirastudio.co/perdo/wp-includes/js/mediaelement/mediaelementplayer-legacy.min1f61.css]
[kit2.wirastudio.co/perdo/wp-includes/js/mediaelement/wp-mediaelement.min75e4.css]
[kit2.wirastudio.co/perdo/wp-content/plugins/elementor/assets/css/widget-image-carousel.min52dd.css]
[kit2.wirastudio.co/perdo/wp-content/plugins/elementor/assets/css/widget-icon-list.min52dd.css]
[kit2.wirastudio.co/perdo/wp-content/plugins/elementor/assets/css/widget-spacer.min52dd.css]
[kit2.wirastudio.co/perdo/wp-content/plugins/metform/public/assets/css/metform-ui9086.css]
[kit2.wirastudio.co/perdo/wp-content/plugins/metform/public/assets/css/style9086.css]
[kit2.wirastudio.co/perdo/wp-content/uploads/sites/3/elementor/css/post-52da62.css]
[kit2.wirastudio.co/perdo/wp-content/plugins/elementskit-lite/widgets/init/assets/css/widget-styles9b70.css]
[kit2.wirastudio.co/perdo/wp-content/plugins/elementskit-lite/widgets/init/assets/css/responsive9b70.css]
[kit2.wirastudio.co/perdo/wp-includes/js/jquery/jquery.minf43b.js]
[kit2.wirastudio.co/perdo/wp-includes/js/jquery/jquery-migrate.min5589.js]
[kit2.wirastudio.co/perdo/wp-content/plugins/template-kit-export/assets/public/template-kit-export-public982a.js]
[kit2.wirastudio.co/perdo/wp-content/uploads/sites/3/2024/05/Perdo-Logo.png]
[kit2.wirastudio.co/perdo/wp-content/uploads/sites/3/elementor/thumbs/young-personal-development-coach-answering-the-client-by-email-by-a-laptop-2-qogux2su2nie37z6gis4dl7adn9zq694v6f35adqrk.jpg]
[kit2.wirastudio.co/perdo/wp-content/uploads/sites/3/elementor/thumbs/happiness-and-inspiration-overjoyed-multiracial-coach-sitting-with-pen-and-looking-at-camera-qogux3qmfpdvoppn6rwokmg7zsi7v2i29ufkfwez40.jpg]
[kit2.wirastudio.co/perdo/wp-content/uploads/sites/3/2024/05/Frame-4.png]
[kit2.wirastudio.co/perdo/wp-content/uploads/sites/3/2024/05/Frame-3.png]
[kit2.wirastudio.co/perdo/wp-content/uploads/sites/3/2024/05/Frame-2.png]
[kit2.wirastudio.co/perdo/wp-content/uploads/sites/3/2024/05/Frame-1.png]
[kit2.wirastudio.co/perdo/wp-content/uploads/sites/3/2024/05/Frame.png]
[kit2.wirastudio.co/perdo/wp-content/uploads/sites/3/elementor/thumbs/young-personal-development-coach-answering-the-client-by-email-by-a-laptop-2-qogux2suokv6qqpbtsik3v1fxp9avbx1bcz35lax68.jpg]
[kit2.wirastudio.co/perdo/wp-content/uploads/sites/3/elementor/thumbs/happiness-and-inspiration-overjoyed-multiracial-coach-sitting-with-pen-and-looking-at-camera-qogux3qovewh2cnyoax6ocswj34o310rnhmkmv9j00.jpg]
[kit2.wirastudio.co/perdo/wp-content/uploads/sites/3/2024/02/young-personal-development-coach-answering-the-client-by-email-by-a-laptop-2-1024x683.jpg]
[kit2.wirastudio.co/perdo/wp-content/uploads/sites/3/elementor/thumbs/woman-sport-coach-and-clipboard-writing-of-an-athlete-writing-exercise-schedule-or-plan-personal-qoguwzzc42rbrwtfa9aoedr25jn788luaz0mprf3ow.2a.dela]
[kit2.wirastudio.co/perdo/wp-content/uploads/sites/3/2024/02/planning-coaching-and-strategy-with-business-people-in-meeting-for-development-project-management-1024x683.jpg]
[kit2.wirastudio.co/perdo/wp-content/uploads/sites/3/2024/02/overjoyed-multiethnic-women-and-redhead-motivation-coach-hugging-and-looking-at-each-other-1024x682.jpg]
[kit2.wirastudio.co/perdo/wp-content/plugins/elementor/assets/css/widget-social-icons.min52dd.css]
[kit2.wirastudio.co/perdo/wp-content/plugins/elementor/assets/css/conditionals/apple-webkit.min52dd.css]
[kit2.wirastudio.co/perdo/wp-content/plugins/elementor/assets/lib/font-awesome/css/all.min52dd.css]
[kit2.wirastudio.co/perdo/wp-content/plugins/elementor/assets/lib/font-awesome/css/v4-shims.min52dd.css]
[kit2.wirastudio.co/perdo/wp-content/uploads/sites/3/elementor/css/post-317da62.css]
[kit2.wirastudio.co/perdo/wp-content/uploads/sites/3/elementor/css/post-389da62.css]
[kit2.wirastudio.co/perdo/wp-content/plugins/metform/public/assets/lib/cute-alert/cute-alert9086.js]
[kit2.wirastudio.co/perdo/wp-content/themes/hello-elementor/assets/js/hello-frontend.minb12b.js]
[kit2.wirastudio.co/perdo/wp-content/plugins/elementskit-lite/libs/framework/assets/js/frontend-script9b70.js]
[kit2.wirastudio.co/perdo/wp-content/plugins/elementskit-lite/widgets/init/assets/js/widget-scripts9b70.js]
[kit2.wirastudio.co/perdo/wp-includes/js/mediaelement/mediaelement-and-player.min1f61.js]
[kit2.wirastudio.co/perdo/wp-includes/js/mediaelement/mediaelement-migrate.min75e4.js]
[kit2.wirastudio.co/perdo/wp-includes/js/mediaelement/wp-mediaelement.min75e4.js]
[kit2.wirastudio.co/perdo/wp-content/plugins/metform/public/assets/js/htm9086.js]
[kit2.wirastudio.co/perdo/wp-includes/js/dist/vendor/wp-polyfill-inert.min0226.js]
[kit2.wirastudio.co/perdo/wp-includes/js/dist/vendor/regenerator-runtime.min6c85.js]
[kit2.wirastudio.co/perdo/wp-includes/js/dist/vendor/wp-polyfill.min2c7c.js]
[kit2.wirastudio.co/perdo/wp-includes/js/dist/vendor/react.min7a3b.js]
[kit2.wirastudio.co/perdo/wp-includes/js/dist/vendor/react-dom.min7a3b.js]
[kit2.wirastudio.co/perdo/wp-includes/js/dist/escape-html.min0311.js]
[kit2.wirastudio.co/perdo/wp-includes/js/dist/element.min0eb1.js]
[kit2.wirastudio.co/perdo/wp-content/plugins/metform/public/assets/js/app9086.js]
[kit2.wirastudio.co/perdo/wp-content/plugins/elementor/assets/lib/font-awesome/js/v4-shims.min52dd.js]
[kit2.wirastudio.co/perdo/wp-content/plugins/elementor/assets/js/webpack.runtime.min52dd.js]
[kit2.wirastudio.co/perdo/wp-content/plugins/elementor/assets/js/frontend-modules.min52dd.js]
[kit2.wirastudio.co/perdo/wp-includes/js/jquery/ui/core.min3f14.js]
[kit2.wirastudio.co/perdo/wp-content/plugins/elementor/assets/js/frontend.min52dd.js]
[kit2.wirastudio.co/perdo/wp-content/plugins/elementskit-lite/widgets/init/assets/js/animate-circle.min9b70.js]
[kit2.wirastudio.co/perdo/wp-content/plugins/elementskit-lite/widgets/init/assets/js/elementor9b70.js]
[kit2.wirastudio.co/perdo/template-kit/home/index.html]
[kit2.wirastudio.co/perdo/wp-content/plugins/elementor/assets/css/frontend.min52dd.css]
[kit2.wirastudio.co/perdo/wp-content/uploads/sites/3/elementor/css/post-4607f6c.css]
[kit2.wirastudio.co/perdo/wp-content/uploads/sites/3/2024/05/futuristic-geometric-shape-composition-backgrounds-2023-11-27-05-32-33-utc.png]
[kit2.wirastudio.co/perdo/wp-content/uploads/sites/3/elementor/css/post-4647f6c.css]
[kit2.wirastudio.co/perdo/wp-content/plugins/template-kit-export/assets/public/template-kit-export-public982a.css]
[kit2.wirastudio.co/perdo/wp-content/plugins/metform/public/assets/lib/cute-alert/style9086.css]
[kit2.wirastudio.co/perdo/wp-content/plugins/metform/public/assets/css/text-editor9086.css]
[kit2.wirastudio.co/perdo/wp-content/themes/hello-elementor/style.minb12b.css]
[kit2.wirastudio.co/perdo/wp-content/themes/hello-elementor/theme.minb12b.css]
[kit2.wirastudio.co/perdo/wp-content/themes/hello-elementor/header-footer.minb12b.css]
[kit2.wirastudio.co/perdo/wp-content/uploads/sites/3/elementor/css/post-237f6c.css]
[kit2.wirastudio.co/perdo/wp-content/plugins/elementskit-lite/modules/elementskit-icon-pack/assets/css/ekiticons9b70.css]
[kit2.wirastudio.co/perdo/wp-content/plugins/elementor/assets/lib/swiper/v8/css/swiper.min94a4.css]
[kit2.wirastudio.co/perdo/wp-content/plugins/elementor/assets/css/conditionals/e-swiper.min52dd.css]
[kit2.wirastudio.co/perdo/wp-content/plugins/elementor/assets/lib/animations/styles/fadeInUp.min52dd.css]
[kit2.wirastudio.co/perdo/wp-content/plugins/elementor/assets/css/widget-heading.min52dd.css]
[kit2.wirastudio.co/perdo/wp-content/plugins/elementor/assets/css/widget-text-editor.min52dd.css]
[kit2.wirastudio.co/perdo/wp-content/plugins/elementor/assets/lib/animations/styles/e-animation-float.min52dd.css]
[kit2.wirastudio.co/perdo/wp-content/plugins/elementor/assets/css/widget-icon-box.min52dd.css]
[kit2.wirastudio.co/perdo/wp-content/plugins/elementor/assets/lib/animations/styles/fadeInLeft.min52dd.css]
[kit2.wirastudio.co/perdo/wp-content/plugins/elementor/assets/css/widget-image.min52dd.css]
[kit2.wirastudio.co/perdo/wp-content/plugins/elementor/assets/css/widget-divider.min52dd.css]
[kit2.wirastudio.co/perdo/wp-includes/js/mediaelement/mejs-controls.svg]
[kit2.wirastudio.co/perdo/wp-includes/js/mediaelement/mediaelementplayer-legacy.min1f61.css]
[kit2.wirastudio.co/perdo/wp-includes/js/mediaelement/wp-mediaelement.min75e4.css]
[kit2.wirastudio.co/perdo/wp-content/plugins/elementor/assets/css/widget-image-carousel.min52dd.css]
[kit2.wirastudio.co/perdo/wp-content/plugins/elementor/assets/css/widget-icon-list.min52dd.css]
[kit2.wirastudio.co/perdo/wp-content/plugins/elementor/assets/css/widget-spacer.min52dd.css]
[kit2.wirastudio.co/perdo/wp-content/plugins/metform/public/assets/css/metform-ui9086.css]
[kit2.wirastudio.co/perdo/wp-content/plugins/metform/public/assets/css/style9086.css]
[kit2.wirastudio.co/perdo/wp-content/uploads/sites/3/2024/02/personal-trainer-coach-and-man-writing-on-clipboard-for-gym-membership-sign-up-and-information-fo.jpg]
[kit2.wirastudio.co/perdo/wp-content/uploads/sites/3/2024/05/10-school-paper-texture-hq-1.jpg]
[kit2.wirastudio.co/perdo/wp-content/uploads/sites/3/2024/02/young-personal-development-coach-answering-the-client-by-email-by-a-laptop.jpg]
[kit2.wirastudio.co/perdo/wp-content/uploads/sites/3/2024/02/overjoyed-multiethnic-women-and-redhead-motivation-coach-hugging-and-looking-at-each-other.jpg]
[kit2.wirastudio.co/perdo/wp-content/uploads/sites/3/2024/02/psychologist-coach-and-personal-growth-trainer-guides-a-client.jpg]
[kit2.wirastudio.co/perdo/wp-content/uploads/sites/3/2024/02/smiling-personal-health-coach.jpg]
[kit2.wirastudio.co/perdo/wp-content/uploads/sites/3/2024/02/personal-life-coach-using-tablet.jpg]
[kit2.wirastudio.co/perdo/wp-content/uploads/sites/3/2024/02/happiness-and-inspiration-overjoyed-multiracial-coach-sitting-with-pen-and-looking-at-camera.jpg]
[kit2.wirastudio.co/perdo/wp-content/uploads/sites/3/2024/02/women-attending-personal-development-seminar-or-conference-life-long-learning.jpg]
[kit2.wirastudio.co/perdo/wp-content/uploads/sites/3/elementor/css/post-52da62.css]
[kit2.wirastudio.co/perdo/wp-content/plugins/elementskit-lite/widgets/init/assets/img/arrow.png]
[kit2.wirastudio.co/perdo/wp-content/plugins/elementskit-lite/widgets/init/assets/img/sort_asc.png]
[kit2.wirastudio.co/perdo/wp-content/plugins/elementskit-lite/widgets/init/assets/img/sort_desc.png]
[kit2.wirastudio.co/perdo/wp-content/plugins/elementskit-lite/widgets/init/assets/img/sort_asc_disabled.png]
[kit2.wirastudio.co/perdo/wp-content/plugins/elementskit-lite/widgets/init/assets/css/widget-styles9b70.css]
[kit2.wirastudio.co/perdo/wp-content/plugins/elementskit-lite/widgets/init/assets/css/responsive9b70.css]
[kit2.wirastudio.co/perdo/wp-content/plugins/elementor/assets/css/widget-social-icons.min52dd.css]
[kit2.wirastudio.co/perdo/wp-content/plugins/elementor/assets/css/conditionals/apple-webkit.min52dd.css]
[kit2.wirastudio.co/perdo/wp-content/plugins/elementor/assets/lib/font-awesome/css/all.min52dd.css]
[kit2.wirastudio.co/perdo/wp-content/plugins/elementor/assets/lib/font-awesome/css/v4-shims.min52dd.css]
[kit2.wirastudio.co/perdo/wp-content/uploads/sites/3/elementor/css/post-317da62.css]
[kit2.wirastudio.co/perdo/wp-content/uploads/sites/3/elementor/css/post-389da62.css]
[kit2.wirastudio.co/perdo/wp-includes/js/mediaelement/mejs-controls.svg]
